Copyright 1986-2017 Xilinx, Inc. All Rights Reserved.
----------------------------------------------------------------------------------------------------------------------------------------------------------------
| Tool Version     : Vivado v.2017.3 (win64) Build 2018833 Wed Oct  4 19:58:22 MDT 2017
| Date             : Fri May  4 14:17:14 2018
| Host             : CS-S110 running 64-bit major release  (build 9200)
| Command          : report_power -file axis_fifo_v1_0_power_routed.rpt -pb axis_fifo_v1_0_power_summary_routed.pb -rpx axis_fifo_v1_0_power_routed.rpx
| Design           : axis_fifo_v1_0
| Device           : xc7z010clg400-1
| Design State     : routed
| Grade            : commercial
| Process          : typical
| Characterization : Production
----------------------------------------------------------------------------------------------------------------------------------------------------------------

Power Report

Table of Contents
-----------------
1. Summary
1.1 On-Chip Components
1.2 Power Supply Summary
1.3 Confidence Level
2. Settings
2.1 Environment
2.2 Clock Constraints
3. Detailed Reports
3.1 By Hierarchy

1. Summary
----------

+--------------------------+-----------------------------------+
| Total On-Chip Power (W)  | 120.717 (Junction temp exceeded!) |
| Design Power Budget (W)  | Unspecified*                      |
| Power Budget Margin (W)  | NA                                |
| Dynamic (W)              | 119.956                           |
| Device Static (W)        | 0.761                             |
| Effective TJA (C/W)      | 11.5                              |
| Max Ambient (C)          | 0.0                               |
| Junction Temperature (C) | 125.0                             |
| Confidence Level         | Low                               |
| Setting File             | ---                               |
| Simulation Activity File | ---                               |
| Design Nets Matched      | NA                                |
+--------------------------+-----------------------------------+
* Specify Design Power Budget using, set_operating_conditions -design_power_budget <value in Watts>


1.1 On-Chip Components
----------------------

+-------------------------+-----------+----------+-----------+-----------------+
| On-Chip                 | Power (W) | Used     | Available | Utilization (%) |
+-------------------------+-----------+----------+-----------+-----------------+
| Slice Logic             |    21.975 |     7192 |       --- |             --- |
|   LUT as Logic          |    18.014 |     1365 |     17600 |            7.76 |
|   Register              |     2.839 |     4634 |     35200 |           13.16 |
|   LUT as Shift Register |     1.116 |      192 |      6000 |            3.20 |
|   BUFG                  |     0.006 |        1 |        32 |            3.13 |
|   Others                |     0.000 |      297 |       --- |             --- |
| Signals                 |    36.764 |     5999 |       --- |             --- |
| Block RAM               |     1.776 |        6 |        60 |           10.00 |
| DSPs                    |    51.157 |       75 |        80 |           93.75 |
| I/O                     |     8.284 |       75 |       100 |           75.00 |
| Static Power            |     0.761 |          |           |                 |
| Total                   |   120.717 |          |           |                 |
+-------------------------+-----------+----------+-----------+-----------------+


1.2 Power Supply Summary
------------------------

+-----------+-------------+-----------+-------------+------------+
| Source    | Voltage (V) | Total (A) | Dynamic (A) | Static (A) |
+-----------+-------------+-----------+-------------+------------+
| Vccint    |       1.000 |   111.836 |     111.700 |      0.136 |
| Vccaux    |       1.800 |     0.707 |       0.667 |      0.040 |
| Vcco33    |       3.300 |     0.000 |       0.000 |      0.000 |
| Vcco25    |       2.500 |     0.000 |       0.000 |      0.000 |
| Vcco18    |       1.800 |     3.861 |       3.860 |      0.001 |
| Vcco15    |       1.500 |     0.000 |       0.000 |      0.000 |
| Vcco135   |       1.350 |     0.000 |       0.000 |      0.000 |
| Vcco12    |       1.200 |     0.000 |       0.000 |      0.000 |
| Vccaux_io |       1.800 |     0.000 |       0.000 |      0.000 |
| Vccbram   |       1.000 |     0.126 |       0.108 |      0.018 |
| MGTAVcc   |       1.000 |     0.000 |       0.000 |      0.000 |
| MGTAVtt   |       1.200 |     0.000 |       0.000 |      0.000 |
| MGTVccaux |       1.800 |     0.000 |       0.000 |      0.000 |
| Vccpint   |       1.000 |     0.473 |       0.000 |      0.473 |
| Vccpaux   |       1.800 |     0.010 |       0.000 |      0.010 |
| Vccpll    |       1.800 |     0.003 |       0.000 |      0.003 |
| Vcco_ddr  |       1.500 |     0.000 |       0.000 |      0.000 |
| Vcco_mio0 |       1.800 |     0.000 |       0.000 |      0.000 |
| Vcco_mio1 |       1.800 |     0.000 |       0.000 |      0.000 |
| Vccadc    |       1.800 |     0.020 |       0.000 |      0.020 |
+-----------+-------------+-----------+-------------+------------+


1.3 Confidence Level
--------------------

+-----------------------------+------------+--------------------------------------------------------+--------------------------------------------------------------------------------------------------------------------+
| User Input Data             | Confidence | Details                                                | Action                                                                                                             |
+-----------------------------+------------+--------------------------------------------------------+--------------------------------------------------------------------------------------------------------------------+
| Design implementation state | High       | Design is routed                                       |                                                                                                                    |
| Clock nodes activity        | Low        | User specified less than 75% of clocks                 | Provide missing clock activity with a constraint file, simulation results or by editing the "By Clock Domain" view |
| I/O nodes activity          | Low        | More than 75% of inputs are missing user specification | Provide missing input activity with simulation results or by editing the "By Resource Type -> I/Os" view           |
| Internal nodes activity     | Medium     | User specified less than 25% of internal nodes         | Provide missing internal nodes activity with simulation results or by editing the "By Resource Type" views         |
| Device models               | High       | Device models are Production                           |                                                                                                                    |
|                             |            |                                                        |                                                                                                                    |
| Overall confidence level    | Low        |                                                        |                                                                                                                    |
+-----------------------------+------------+--------------------------------------------------------+--------------------------------------------------------------------------------------------------------------------+


2. Settings
-----------

2.1 Environment
---------------

+-----------------------+------------------------+
| Ambient Temp (C)      | 25.0                   |
| ThetaJA (C/W)         | 11.5                   |
| Airflow (LFM)         | 250                    |
| Heat Sink             | none                   |
| ThetaSA (C/W)         | 0.0                    |
| Board Selection       | medium (10"x10")       |
| # of Board Layers     | 8to11 (8 to 11 Layers) |
| Board Temperature (C) | 25.0                   |
+-----------------------+------------------------+


2.2 Clock Constraints
---------------------

+-------+--------+-----------------+
| Clock | Domain | Constraint (ns) |
+-------+--------+-----------------+


3. Detailed Reports
-------------------

3.1 By Hierarchy
----------------

+------------------------------------------------------+-----------+
| Name                                                 | Power (W) |
+------------------------------------------------------+-----------+
| axis_fifo_v1_0                                       |   119.956 |
|   engine                                             |   111.272 |
|     buffers[0].buffer                                |    12.951 |
|       brams[0].bram                                  |     0.207 |
|         bram_i                                       |     0.207 |
|           blk_mem_gen_0                              |     0.207 |
|             U0                                       |     0.207 |
|               inst_blk_mem_gen                       |     0.207 |
|                 gnbram.gnativebmg.native_blk_mem_gen |     0.207 |
|                   valid.cstr                         |     0.207 |
|                     ramloop[0].ram.r                 |     0.207 |
|                       prim_noinit.ram                |     0.207 |
|       brams[1].bram                                  |     0.201 |
|         bram_i                                       |     0.201 |
|           blk_mem_gen_0                              |     0.201 |
|             U0                                       |     0.201 |
|               inst_blk_mem_gen                       |     0.201 |
|                 gnbram.gnativebmg.native_blk_mem_gen |     0.201 |
|                   valid.cstr                         |     0.201 |
|                     ramloop[0].ram.r                 |     0.201 |
|                       prim_noinit.ram                |     0.201 |
|       brams[2].bram                                  |     0.213 |
|         bram_i                                       |     0.213 |
|           blk_mem_gen_0                              |     0.213 |
|             U0                                       |     0.213 |
|               inst_blk_mem_gen                       |     0.213 |
|                 gnbram.gnativebmg.native_blk_mem_gen |     0.213 |
|                   valid.cstr                         |     0.213 |
|                     ramloop[0].ram.r                 |     0.213 |
|                       prim_noinit.ram                |     0.213 |
|       brams[3].bram                                  |     0.200 |
|         bram_i                                       |     0.200 |
|           blk_mem_gen_0                              |     0.200 |
|             U0                                       |     0.200 |
|               inst_blk_mem_gen                       |     0.200 |
|                 gnbram.gnativebmg.native_blk_mem_gen |     0.200 |
|                   valid.cstr                         |     0.200 |
|                     ramloop[0].ram.r                 |     0.200 |
|                       prim_noinit.ram                |     0.200 |
|       shiftregs[0].sr                                |     3.361 |
|       shiftregs[1].sr                                |     5.146 |
|       shiftregs[2].sr                                |     1.244 |
|       shiftregs[3].sr                                |     1.200 |
|       shiftregs[4].sr                                |     1.070 |
|     buffers[0].channel[0].conv                       |     1.186 |
|       mult_acc                                       |     1.096 |
|         design_1_i                                   |     0.715 |
|           xbip_dsp48_macro_0                         |     0.715 |
|             U0                                       |     0.715 |
|               i_synth                                |     0.715 |
|                 i_synth_option.i_synth_model         |     0.715 |
|                   opt_7series.i_uniwrap              |     0.715 |
|     buffers[0].channel[10].conv                      |     0.830 |
|       mult_acc                                       |     0.744 |
|         design_1_i                                   |     0.705 |
|           xbip_dsp48_macro_0                         |     0.705 |
|             U0                                       |     0.705 |
|               i_synth                                |     0.705 |
|                 i_synth_option.i_synth_model         |     0.705 |
|                   opt_7series.i_uniwrap              |     0.705 |
|     buffers[0].channel[11].conv                      |     0.831 |
|       mult_acc                                       |     0.745 |
|         design_1_i                                   |     0.705 |
|           xbip_dsp48_macro_0                         |     0.705 |
|             U0                                       |     0.705 |
|               i_synth                                |     0.705 |
|                 i_synth_option.i_synth_model         |     0.705 |
|                   opt_7series.i_uniwrap              |     0.705 |
|     buffers[0].channel[12].conv                      |     0.845 |
|       mult_acc                                       |     0.743 |
|         design_1_i                                   |     0.705 |
|           xbip_dsp48_macro_0                         |     0.705 |
|             U0                                       |     0.705 |
|               i_synth                                |     0.705 |
|                 i_synth_option.i_synth_model         |     0.705 |
|                   opt_7series.i_uniwrap              |     0.705 |
|     buffers[0].channel[13].conv                      |     0.839 |
|       mult_acc                                       |     0.746 |
|         design_1_i                                   |     0.706 |
|           xbip_dsp48_macro_0                         |     0.706 |
|             U0                                       |     0.706 |
|               i_synth                                |     0.706 |
|                 i_synth_option.i_synth_model         |     0.706 |
|                   opt_7series.i_uniwrap              |     0.706 |
|     buffers[0].channel[14].conv                      |     0.847 |
|       mult_acc                                       |     0.742 |
|         design_1_i                                   |     0.702 |
|           xbip_dsp48_macro_0                         |     0.702 |
|             U0                                       |     0.702 |
|               i_synth                                |     0.702 |
|                 i_synth_option.i_synth_model         |     0.702 |
|                   opt_7series.i_uniwrap              |     0.702 |
|     buffers[0].channel[15].conv                      |     0.865 |
|       mult_acc                                       |     0.746 |
|         design_1_i                                   |     0.710 |
|           xbip_dsp48_macro_0                         |     0.710 |
|             U0                                       |     0.710 |
|               i_synth                                |     0.710 |
|                 i_synth_option.i_synth_model         |     0.710 |
|                   opt_7series.i_uniwrap              |     0.710 |
|     buffers[0].channel[16].conv                      |     0.860 |
|       mult_acc                                       |     0.744 |
|         design_1_i                                   |     0.701 |
|           xbip_dsp48_macro_0                         |     0.701 |
|             U0                                       |     0.701 |
|               i_synth                                |     0.701 |
|                 i_synth_option.i_synth_model         |     0.701 |
|                   opt_7series.i_uniwrap              |     0.701 |
|     buffers[0].channel[17].conv                      |     0.865 |
|       mult_acc                                       |     0.747 |
|         design_1_i                                   |     0.707 |
|           xbip_dsp48_macro_0                         |     0.707 |
|             U0                                       |     0.707 |
|               i_synth                                |     0.707 |
|                 i_synth_option.i_synth_model         |     0.707 |
|                   opt_7series.i_uniwrap              |     0.707 |
|     buffers[0].channel[18].conv                      |     0.843 |
|       mult_acc                                       |     0.740 |
|         design_1_i                                   |     0.700 |
|           xbip_dsp48_macro_0                         |     0.700 |
|             U0                                       |     0.700 |
|               i_synth                                |     0.700 |
|                 i_synth_option.i_synth_model         |     0.700 |
|                   opt_7series.i_uniwrap              |     0.700 |
|     buffers[0].channel[19].conv                      |     0.842 |
|       mult_acc                                       |     0.739 |
|         design_1_i                                   |     0.700 |
|           xbip_dsp48_macro_0                         |     0.700 |
|             U0                                       |     0.700 |
|               i_synth                                |     0.700 |
|                 i_synth_option.i_synth_model         |     0.700 |
|                   opt_7series.i_uniwrap              |     0.700 |
|     buffers[0].channel[1].conv                       |     0.831 |
|       mult_acc                                       |     0.739 |
|         design_1_i                                   |     0.702 |
|           xbip_dsp48_macro_0                         |     0.702 |
|             U0                                       |     0.702 |
|               i_synth                                |     0.702 |
|                 i_synth_option.i_synth_model         |     0.702 |
|                   opt_7series.i_uniwrap              |     0.702 |
|     buffers[0].channel[20].conv                      |     0.839 |
|       mult_acc                                       |     0.745 |
|         design_1_i                                   |     0.704 |
|           xbip_dsp48_macro_0                         |     0.704 |
|             U0                                       |     0.704 |
|               i_synth                                |     0.704 |
|                 i_synth_option.i_synth_model         |     0.704 |
|                   opt_7series.i_uniwrap              |     0.704 |
|     buffers[0].channel[21].conv                      |     0.843 |
|       mult_acc                                       |     0.750 |
|         design_1_i                                   |     0.711 |
|           xbip_dsp48_macro_0                         |     0.711 |
|             U0                                       |     0.711 |
|               i_synth                                |     0.711 |
|                 i_synth_option.i_synth_model         |     0.711 |
|                   opt_7series.i_uniwrap              |     0.711 |
|     buffers[0].channel[22].conv                      |     0.843 |
|       mult_acc                                       |     0.740 |
|         design_1_i                                   |     0.703 |
|           xbip_dsp48_macro_0                         |     0.703 |
|             U0                                       |     0.703 |
|               i_synth                                |     0.703 |
|                 i_synth_option.i_synth_model         |     0.703 |
|                   opt_7series.i_uniwrap              |     0.703 |
|     buffers[0].channel[23].conv                      |     0.836 |
|       mult_acc                                       |     0.742 |
|         design_1_i                                   |     0.702 |
|           xbip_dsp48_macro_0                         |     0.702 |
|             U0                                       |     0.702 |
|               i_synth                                |     0.702 |
|                 i_synth_option.i_synth_model         |     0.702 |
|                   opt_7series.i_uniwrap              |     0.702 |
|     buffers[0].channel[24].conv                      |     0.834 |
|       mult_acc                                       |     0.746 |
|         design_1_i                                   |     0.704 |
|           xbip_dsp48_macro_0                         |     0.704 |
|             U0                                       |     0.704 |
|               i_synth                                |     0.704 |
|                 i_synth_option.i_synth_model         |     0.704 |
|                   opt_7series.i_uniwrap              |     0.704 |
|     buffers[0].channel[2].conv                       |     0.838 |
|       mult_acc                                       |     0.739 |
|         design_1_i                                   |     0.702 |
|           xbip_dsp48_macro_0                         |     0.702 |
|             U0                                       |     0.702 |
|               i_synth                                |     0.702 |
|                 i_synth_option.i_synth_model         |     0.702 |
|                   opt_7series.i_uniwrap              |     0.702 |
|     buffers[0].channel[3].conv                       |     0.864 |
|       mult_acc                                       |     0.753 |
|         design_1_i                                   |     0.714 |
|           xbip_dsp48_macro_0                         |     0.714 |
|             U0                                       |     0.714 |
|               i_synth                                |     0.714 |
|                 i_synth_option.i_synth_model         |     0.714 |
|                   opt_7series.i_uniwrap              |     0.714 |
|     buffers[0].channel[4].conv                       |     0.843 |
|       mult_acc                                       |     0.746 |
|         design_1_i                                   |     0.706 |
|           xbip_dsp48_macro_0                         |     0.706 |
|             U0                                       |     0.706 |
|               i_synth                                |     0.706 |
|                 i_synth_option.i_synth_model         |     0.706 |
|                   opt_7series.i_uniwrap              |     0.706 |
|     buffers[0].channel[5].conv                       |     0.857 |
|       mult_acc                                       |     0.755 |
|         design_1_i                                   |     0.715 |
|           xbip_dsp48_macro_0                         |     0.715 |
|             U0                                       |     0.715 |
|               i_synth                                |     0.715 |
|                 i_synth_option.i_synth_model         |     0.715 |
|                   opt_7series.i_uniwrap              |     0.715 |
|     buffers[0].channel[6].conv                       |     0.851 |
|       mult_acc                                       |     0.755 |
|         design_1_i                                   |     0.715 |
|           xbip_dsp48_macro_0                         |     0.715 |
|             U0                                       |     0.715 |
|               i_synth                                |     0.715 |
|                 i_synth_option.i_synth_model         |     0.715 |
|                   opt_7series.i_uniwrap              |     0.715 |
|     buffers[0].channel[7].conv                       |     0.840 |
|       mult_acc                                       |     0.743 |
|         design_1_i                                   |     0.703 |
|           xbip_dsp48_macro_0                         |     0.703 |
|             U0                                       |     0.703 |
|               i_synth                                |     0.703 |
|                 i_synth_option.i_synth_model         |     0.703 |
|                   opt_7series.i_uniwrap              |     0.703 |
|     buffers[0].channel[8].conv                       |     0.827 |
|       mult_acc                                       |     0.742 |
|         design_1_i                                   |     0.703 |
|           xbip_dsp48_macro_0                         |     0.703 |
|             U0                                       |     0.703 |
|               i_synth                                |     0.703 |
|                 i_synth_option.i_synth_model         |     0.703 |
|                   opt_7series.i_uniwrap              |     0.703 |
|     buffers[0].channel[9].conv                       |     0.822 |
|       mult_acc                                       |     0.740 |
|         design_1_i                                   |     0.702 |
|           xbip_dsp48_macro_0                         |     0.702 |
|             U0                                       |     0.702 |
|               i_synth                                |     0.702 |
|                 i_synth_option.i_synth_model         |     0.702 |
|                   opt_7series.i_uniwrap              |     0.702 |
|     buffers[1].buffer                                |    12.636 |
|       brams[0].bram                                  |     0.207 |
|         bram_i                                       |     0.207 |
|           blk_mem_gen_0                              |     0.207 |
|             U0                                       |     0.207 |
|               inst_blk_mem_gen                       |     0.207 |
|                 gnbram.gnativebmg.native_blk_mem_gen |     0.207 |
|                   valid.cstr                         |     0.207 |
|                     ramloop[0].ram.r                 |     0.207 |
|                       prim_noinit.ram                |     0.207 |
|       brams[1].bram                                  |     0.199 |
|         bram_i                                       |     0.199 |
|           blk_mem_gen_0                              |     0.199 |
|             U0                                       |     0.199 |
|               inst_blk_mem_gen                       |     0.199 |
|                 gnbram.gnativebmg.native_blk_mem_gen |     0.199 |
|                   valid.cstr                         |     0.199 |
|                     ramloop[0].ram.r                 |     0.199 |
|                       prim_noinit.ram                |     0.199 |
|       brams[2].bram                                  |     0.215 |
|         bram_i                                       |     0.215 |
|           blk_mem_gen_0                              |     0.215 |
|             U0                                       |     0.215 |
|               inst_blk_mem_gen                       |     0.215 |
|                 gnbram.gnativebmg.native_blk_mem_gen |     0.215 |
|                   valid.cstr                         |     0.215 |
|                     ramloop[0].ram.r                 |     0.215 |
|                       prim_noinit.ram                |     0.215 |
|       brams[3].bram                                  |     0.200 |
|         bram_i                                       |     0.200 |
|           blk_mem_gen_0                              |     0.200 |
|             U0                                       |     0.200 |
|               inst_blk_mem_gen                       |     0.200 |
|                 gnbram.gnativebmg.native_blk_mem_gen |     0.200 |
|                   valid.cstr                         |     0.200 |
|                     ramloop[0].ram.r                 |     0.200 |
|                       prim_noinit.ram                |     0.200 |
|       shiftregs[0].sr                                |     3.241 |
|       shiftregs[1].sr                                |     5.064 |
|       shiftregs[2].sr                                |     1.192 |
|       shiftregs[3].sr                                |     1.177 |
|       shiftregs[4].sr                                |     1.049 |
|     buffers[1].channel[0].conv                       |     0.794 |
|       mult_acc                                       |     0.703 |
|         design_1_i                                   |     0.703 |
|           xbip_dsp48_macro_0                         |     0.703 |
|             U0                                       |     0.703 |
|               i_synth                                |     0.703 |
|                 i_synth_option.i_synth_model         |     0.703 |
|                   opt_7series.i_uniwrap              |     0.703 |
|     buffers[1].channel[10].conv                      |     0.852 |
|       mult_acc                                       |     0.747 |
|         design_1_i                                   |     0.703 |
|           xbip_dsp48_macro_0                         |     0.703 |
|             U0                                       |     0.703 |
|               i_synth                                |     0.703 |
|                 i_synth_option.i_synth_model         |     0.703 |
|                   opt_7series.i_uniwrap              |     0.703 |
|     buffers[1].channel[11].conv                      |     0.844 |
|       mult_acc                                       |     0.741 |
|         design_1_i                                   |     0.705 |
|           xbip_dsp48_macro_0                         |     0.705 |
|             U0                                       |     0.705 |
|               i_synth                                |     0.705 |
|                 i_synth_option.i_synth_model         |     0.705 |
|                   opt_7series.i_uniwrap              |     0.705 |
|     buffers[1].channel[12].conv                      |     0.836 |
|       mult_acc                                       |     0.741 |
|         design_1_i                                   |     0.703 |
|           xbip_dsp48_macro_0                         |     0.703 |
|             U0                                       |     0.703 |
|               i_synth                                |     0.703 |
|                 i_synth_option.i_synth_model         |     0.703 |
|                   opt_7series.i_uniwrap              |     0.703 |
|     buffers[1].channel[13].conv                      |     0.853 |
|       mult_acc                                       |     0.743 |
|         design_1_i                                   |     0.702 |
|           xbip_dsp48_macro_0                         |     0.702 |
|             U0                                       |     0.702 |
|               i_synth                                |     0.702 |
|                 i_synth_option.i_synth_model         |     0.702 |
|                   opt_7series.i_uniwrap              |     0.702 |
|     buffers[1].channel[14].conv                      |     0.863 |
|       mult_acc                                       |     0.745 |
|         design_1_i                                   |     0.708 |
|           xbip_dsp48_macro_0                         |     0.708 |
|             U0                                       |     0.708 |
|               i_synth                                |     0.708 |
|                 i_synth_option.i_synth_model         |     0.708 |
|                   opt_7series.i_uniwrap              |     0.708 |
|     buffers[1].channel[15].conv                      |     0.859 |
|       mult_acc                                       |     0.742 |
|         design_1_i                                   |     0.703 |
|           xbip_dsp48_macro_0                         |     0.703 |
|             U0                                       |     0.703 |
|               i_synth                                |     0.703 |
|                 i_synth_option.i_synth_model         |     0.703 |
|                   opt_7series.i_uniwrap              |     0.703 |
|     buffers[1].channel[16].conv                      |     0.874 |
|       mult_acc                                       |     0.767 |
|         design_1_i                                   |     0.729 |
|           xbip_dsp48_macro_0                         |     0.729 |
|             U0                                       |     0.729 |
|               i_synth                                |     0.729 |
|                 i_synth_option.i_synth_model         |     0.729 |
|                   opt_7series.i_uniwrap              |     0.729 |
|     buffers[1].channel[17].conv                      |     0.895 |
|       mult_acc                                       |     0.772 |
|         design_1_i                                   |     0.731 |
|           xbip_dsp48_macro_0                         |     0.731 |
|             U0                                       |     0.731 |
|               i_synth                                |     0.731 |
|                 i_synth_option.i_synth_model         |     0.731 |
|                   opt_7series.i_uniwrap              |     0.731 |
|     buffers[1].channel[18].conv                      |     0.837 |
|       mult_acc                                       |     0.745 |
|         design_1_i                                   |     0.703 |
|           xbip_dsp48_macro_0                         |     0.703 |
|             U0                                       |     0.703 |
|               i_synth                                |     0.703 |
|                 i_synth_option.i_synth_model         |     0.703 |
|                   opt_7series.i_uniwrap              |     0.703 |
|     buffers[1].channel[19].conv                      |     0.853 |
|       mult_acc                                       |     0.747 |
|         design_1_i                                   |     0.707 |
|           xbip_dsp48_macro_0                         |     0.707 |
|             U0                                       |     0.707 |
|               i_synth                                |     0.707 |
|                 i_synth_option.i_synth_model         |     0.707 |
|                   opt_7series.i_uniwrap              |     0.707 |
|     buffers[1].channel[1].conv                       |     0.846 |
|       mult_acc                                       |     0.742 |
|         design_1_i                                   |     0.706 |
|           xbip_dsp48_macro_0                         |     0.706 |
|             U0                                       |     0.706 |
|               i_synth                                |     0.706 |
|                 i_synth_option.i_synth_model         |     0.706 |
|                   opt_7series.i_uniwrap              |     0.706 |
|     buffers[1].channel[20].conv                      |     0.839 |
|       mult_acc                                       |     0.746 |
|         design_1_i                                   |     0.702 |
|           xbip_dsp48_macro_0                         |     0.702 |
|             U0                                       |     0.702 |
|               i_synth                                |     0.702 |
|                 i_synth_option.i_synth_model         |     0.702 |
|                   opt_7series.i_uniwrap              |     0.702 |
|     buffers[1].channel[21].conv                      |     0.828 |
|       mult_acc                                       |     0.744 |
|         design_1_i                                   |     0.702 |
|           xbip_dsp48_macro_0                         |     0.702 |
|             U0                                       |     0.702 |
|               i_synth                                |     0.702 |
|                 i_synth_option.i_synth_model         |     0.702 |
|                   opt_7series.i_uniwrap              |     0.702 |
|     buffers[1].channel[22].conv                      |     0.830 |
|       mult_acc                                       |     0.742 |
|         design_1_i                                   |     0.703 |
|           xbip_dsp48_macro_0                         |     0.703 |
|             U0                                       |     0.703 |
|               i_synth                                |     0.703 |
|                 i_synth_option.i_synth_model         |     0.703 |
|                   opt_7series.i_uniwrap              |     0.703 |
|     buffers[1].channel[23].conv                      |     0.847 |
|       mult_acc                                       |     0.756 |
|         design_1_i                                   |     0.716 |
|           xbip_dsp48_macro_0                         |     0.716 |
|             U0                                       |     0.716 |
|               i_synth                                |     0.716 |
|                 i_synth_option.i_synth_model         |     0.716 |
|                   opt_7series.i_uniwrap              |     0.716 |
|     buffers[1].channel[24].conv                      |     1.212 |
|       mult_acc                                       |     1.115 |
|         design_1_i                                   |     0.724 |
|           xbip_dsp48_macro_0                         |     0.724 |
|             U0                                       |     0.724 |
|               i_synth                                |     0.724 |
|                 i_synth_option.i_synth_model         |     0.724 |
|                   opt_7series.i_uniwrap              |     0.724 |
|     buffers[1].channel[2].conv                       |     0.827 |
|       mult_acc                                       |     0.738 |
|         design_1_i                                   |     0.702 |
|           xbip_dsp48_macro_0                         |     0.702 |
|             U0                                       |     0.702 |
|               i_synth                                |     0.702 |
|                 i_synth_option.i_synth_model         |     0.702 |
|                   opt_7series.i_uniwrap              |     0.702 |
|     buffers[1].channel[3].conv                       |     0.838 |
|       mult_acc                                       |     0.741 |
|         design_1_i                                   |     0.705 |
|           xbip_dsp48_macro_0                         |     0.705 |
|             U0                                       |     0.705 |
|               i_synth                                |     0.705 |
|                 i_synth_option.i_synth_model         |     0.705 |
|                   opt_7series.i_uniwrap              |     0.705 |
|     buffers[1].channel[4].conv                       |     0.844 |
|       mult_acc                                       |     0.743 |
|         design_1_i                                   |     0.706 |
|           xbip_dsp48_macro_0                         |     0.706 |
|             U0                                       |     0.706 |
|               i_synth                                |     0.706 |
|                 i_synth_option.i_synth_model         |     0.706 |
|                   opt_7series.i_uniwrap              |     0.706 |
|     buffers[1].channel[5].conv                       |     0.851 |
|       mult_acc                                       |     0.740 |
|         design_1_i                                   |     0.701 |
|           xbip_dsp48_macro_0                         |     0.701 |
|             U0                                       |     0.701 |
|               i_synth                                |     0.701 |
|                 i_synth_option.i_synth_model         |     0.701 |
|                   opt_7series.i_uniwrap              |     0.701 |
|     buffers[1].channel[6].conv                       |     0.843 |
|       mult_acc                                       |     0.742 |
|         design_1_i                                   |     0.704 |
|           xbip_dsp48_macro_0                         |     0.704 |
|             U0                                       |     0.704 |
|               i_synth                                |     0.704 |
|                 i_synth_option.i_synth_model         |     0.704 |
|                   opt_7series.i_uniwrap              |     0.704 |
|     buffers[1].channel[7].conv                       |     0.871 |
|       mult_acc                                       |     0.753 |
|         design_1_i                                   |     0.713 |
|           xbip_dsp48_macro_0                         |     0.713 |
|             U0                                       |     0.713 |
|               i_synth                                |     0.713 |
|                 i_synth_option.i_synth_model         |     0.713 |
|                   opt_7series.i_uniwrap              |     0.713 |
|     buffers[1].channel[8].conv                       |     0.862 |
|       mult_acc                                       |     0.750 |
|         design_1_i                                   |     0.711 |
|           xbip_dsp48_macro_0                         |     0.711 |
|             U0                                       |     0.711 |
|               i_synth                                |     0.711 |
|                 i_synth_option.i_synth_model         |     0.711 |
|                   opt_7series.i_uniwrap              |     0.711 |
|     buffers[1].channel[9].conv                       |     0.848 |
|       mult_acc                                       |     0.745 |
|         design_1_i                                   |     0.702 |
|           xbip_dsp48_macro_0                         |     0.702 |
|             U0                                       |     0.702 |
|               i_synth                                |     0.702 |
|                 i_synth_option.i_synth_model         |     0.702 |
|                   opt_7series.i_uniwrap              |     0.702 |
|     buffers[2].buffer                                |    12.766 |
|       brams[0].bram                                  |     0.202 |
|         bram_i                                       |     0.202 |
|           blk_mem_gen_0                              |     0.202 |
|             U0                                       |     0.202 |
|               inst_blk_mem_gen                       |     0.202 |
|                 gnbram.gnativebmg.native_blk_mem_gen |     0.202 |
|                   valid.cstr                         |     0.202 |
|                     ramloop[0].ram.r                 |     0.202 |
|                       prim_noinit.ram                |     0.202 |
|       brams[1].bram                                  |     0.198 |
|         bram_i                                       |     0.198 |
|           blk_mem_gen_0                              |     0.198 |
|             U0                                       |     0.198 |
|               inst_blk_mem_gen                       |     0.198 |
|                 gnbram.gnativebmg.native_blk_mem_gen |     0.198 |
|                   valid.cstr                         |     0.198 |
|                     ramloop[0].ram.r                 |     0.198 |
|                       prim_noinit.ram                |     0.198 |
|       brams[2].bram                                  |     0.208 |
|         bram_i                                       |     0.208 |
|           blk_mem_gen_0                              |     0.208 |
|             U0                                       |     0.208 |
|               inst_blk_mem_gen                       |     0.208 |
|                 gnbram.gnativebmg.native_blk_mem_gen |     0.208 |
|                   valid.cstr                         |     0.208 |
|                     ramloop[0].ram.r                 |     0.208 |
|                       prim_noinit.ram                |     0.208 |
|       brams[3].bram                                  |     0.208 |
|         bram_i                                       |     0.208 |
|           blk_mem_gen_0                              |     0.208 |
|             U0                                       |     0.208 |
|               inst_blk_mem_gen                       |     0.208 |
|                 gnbram.gnativebmg.native_blk_mem_gen |     0.208 |
|                   valid.cstr                         |     0.208 |
|                     ramloop[0].ram.r                 |     0.208 |
|                       prim_noinit.ram                |     0.208 |
|       shiftregs[0].sr                                |     3.267 |
|       shiftregs[1].sr                                |     5.107 |
|       shiftregs[2].sr                                |     1.181 |
|       shiftregs[3].sr                                |     1.217 |
|       shiftregs[4].sr                                |     1.062 |
|     buffers[2].channel[0].conv                       |     0.796 |
|       mult_acc                                       |     0.702 |
|         design_1_i                                   |     0.702 |
|           xbip_dsp48_macro_0                         |     0.702 |
|             U0                                       |     0.702 |
|               i_synth                                |     0.702 |
|                 i_synth_option.i_synth_model         |     0.702 |
|                   opt_7series.i_uniwrap              |     0.702 |
|     buffers[2].channel[10].conv                      |     0.835 |
|       mult_acc                                       |     0.743 |
|         design_1_i                                   |     0.701 |
|           xbip_dsp48_macro_0                         |     0.701 |
|             U0                                       |     0.701 |
|               i_synth                                |     0.701 |
|                 i_synth_option.i_synth_model         |     0.701 |
|                   opt_7series.i_uniwrap              |     0.701 |
|     buffers[2].channel[11].conv                      |     0.839 |
|       mult_acc                                       |     0.746 |
|         design_1_i                                   |     0.704 |
|           xbip_dsp48_macro_0                         |     0.704 |
|             U0                                       |     0.704 |
|               i_synth                                |     0.704 |
|                 i_synth_option.i_synth_model         |     0.704 |
|                   opt_7series.i_uniwrap              |     0.704 |
|     buffers[2].channel[12].conv                      |     0.835 |
|       mult_acc                                       |     0.744 |
|         design_1_i                                   |     0.706 |
|           xbip_dsp48_macro_0                         |     0.706 |
|             U0                                       |     0.706 |
|               i_synth                                |     0.706 |
|                 i_synth_option.i_synth_model         |     0.706 |
|                   opt_7series.i_uniwrap              |     0.706 |
|     buffers[2].channel[13].conv                      |     0.842 |
|       mult_acc                                       |     0.750 |
|         design_1_i                                   |     0.709 |
|           xbip_dsp48_macro_0                         |     0.709 |
|             U0                                       |     0.709 |
|               i_synth                                |     0.709 |
|                 i_synth_option.i_synth_model         |     0.709 |
|                   opt_7series.i_uniwrap              |     0.709 |
|     buffers[2].channel[14].conv                      |     0.907 |
|       mult_acc                                       |     0.782 |
|         design_1_i                                   |     0.742 |
|           xbip_dsp48_macro_0                         |     0.742 |
|             U0                                       |     0.742 |
|               i_synth                                |     0.742 |
|                 i_synth_option.i_synth_model         |     0.742 |
|                   opt_7series.i_uniwrap              |     0.742 |
|     buffers[2].channel[15].conv                      |     0.842 |
|       mult_acc                                       |     0.743 |
|         design_1_i                                   |     0.703 |
|           xbip_dsp48_macro_0                         |     0.703 |
|             U0                                       |     0.703 |
|               i_synth                                |     0.703 |
|                 i_synth_option.i_synth_model         |     0.703 |
|                   opt_7series.i_uniwrap              |     0.703 |
|     buffers[2].channel[16].conv                      |     0.828 |
|       mult_acc                                       |     0.736 |
|         design_1_i                                   |     0.700 |
|           xbip_dsp48_macro_0                         |     0.700 |
|             U0                                       |     0.700 |
|               i_synth                                |     0.700 |
|                 i_synth_option.i_synth_model         |     0.700 |
|                   opt_7series.i_uniwrap              |     0.700 |
|     buffers[2].channel[17].conv                      |     0.837 |
|       mult_acc                                       |     0.743 |
|         design_1_i                                   |     0.705 |
|           xbip_dsp48_macro_0                         |     0.705 |
|             U0                                       |     0.705 |
|               i_synth                                |     0.705 |
|                 i_synth_option.i_synth_model         |     0.705 |
|                   opt_7series.i_uniwrap              |     0.705 |
|     buffers[2].channel[18].conv                      |     0.851 |
|       mult_acc                                       |     0.745 |
|         design_1_i                                   |     0.706 |
|           xbip_dsp48_macro_0                         |     0.706 |
|             U0                                       |     0.706 |
|               i_synth                                |     0.706 |
|                 i_synth_option.i_synth_model         |     0.706 |
|                   opt_7series.i_uniwrap              |     0.706 |
|     buffers[2].channel[19].conv                      |     0.839 |
|       mult_acc                                       |     0.739 |
|         design_1_i                                   |     0.703 |
|           xbip_dsp48_macro_0                         |     0.703 |
|             U0                                       |     0.703 |
|               i_synth                                |     0.703 |
|                 i_synth_option.i_synth_model         |     0.703 |
|                   opt_7series.i_uniwrap              |     0.703 |
|     buffers[2].channel[1].conv                       |     0.843 |
|       mult_acc                                       |     0.744 |
|         design_1_i                                   |     0.704 |
|           xbip_dsp48_macro_0                         |     0.704 |
|             U0                                       |     0.704 |
|               i_synth                                |     0.704 |
|                 i_synth_option.i_synth_model         |     0.704 |
|                   opt_7series.i_uniwrap              |     0.704 |
|     buffers[2].channel[20].conv                      |     0.856 |
|       mult_acc                                       |     0.754 |
|         design_1_i                                   |     0.712 |
|           xbip_dsp48_macro_0                         |     0.712 |
|             U0                                       |     0.712 |
|               i_synth                                |     0.712 |
|                 i_synth_option.i_synth_model         |     0.712 |
|                   opt_7series.i_uniwrap              |     0.712 |
|     buffers[2].channel[21].conv                      |     0.845 |
|       mult_acc                                       |     0.740 |
|         design_1_i                                   |     0.701 |
|           xbip_dsp48_macro_0                         |     0.701 |
|             U0                                       |     0.701 |
|               i_synth                                |     0.701 |
|                 i_synth_option.i_synth_model         |     0.701 |
|                   opt_7series.i_uniwrap              |     0.701 |
|     buffers[2].channel[22].conv                      |     0.844 |
|       mult_acc                                       |     0.744 |
|         design_1_i                                   |     0.704 |
|           xbip_dsp48_macro_0                         |     0.704 |
|             U0                                       |     0.704 |
|               i_synth                                |     0.704 |
|                 i_synth_option.i_synth_model         |     0.704 |
|                   opt_7series.i_uniwrap              |     0.704 |
|     buffers[2].channel[23].conv                      |     0.838 |
|       mult_acc                                       |     0.746 |
|         design_1_i                                   |     0.709 |
|           xbip_dsp48_macro_0                         |     0.709 |
|             U0                                       |     0.709 |
|               i_synth                                |     0.709 |
|                 i_synth_option.i_synth_model         |     0.709 |
|                   opt_7series.i_uniwrap              |     0.709 |
|     buffers[2].channel[24].conv                      |     1.373 |
|       mult_acc                                       |     1.250 |
|         design_1_i                                   |     0.723 |
|           xbip_dsp48_macro_0                         |     0.723 |
|             U0                                       |     0.723 |
|               i_synth                                |     0.723 |
|                 i_synth_option.i_synth_model         |     0.723 |
|                   opt_7series.i_uniwrap              |     0.723 |
|     buffers[2].channel[2].conv                       |     0.835 |
|       mult_acc                                       |     0.742 |
|         design_1_i                                   |     0.703 |
|           xbip_dsp48_macro_0                         |     0.703 |
|             U0                                       |     0.703 |
|               i_synth                                |     0.703 |
|                 i_synth_option.i_synth_model         |     0.703 |
|                   opt_7series.i_uniwrap              |     0.703 |
|     buffers[2].channel[3].conv                       |     0.853 |
|       mult_acc                                       |     0.747 |
|         design_1_i                                   |     0.707 |
|           xbip_dsp48_macro_0                         |     0.707 |
|             U0                                       |     0.707 |
|               i_synth                                |     0.707 |
|                 i_synth_option.i_synth_model         |     0.707 |
|                   opt_7series.i_uniwrap              |     0.707 |
|     buffers[2].channel[4].conv                       |     0.841 |
|       mult_acc                                       |     0.742 |
|         design_1_i                                   |     0.704 |
|           xbip_dsp48_macro_0                         |     0.704 |
|             U0                                       |     0.704 |
|               i_synth                                |     0.704 |
|                 i_synth_option.i_synth_model         |     0.704 |
|                   opt_7series.i_uniwrap              |     0.704 |
|     buffers[2].channel[5].conv                       |     0.864 |
|       mult_acc                                       |     0.745 |
|         design_1_i                                   |     0.704 |
|           xbip_dsp48_macro_0                         |     0.704 |
|             U0                                       |     0.704 |
|               i_synth                                |     0.704 |
|                 i_synth_option.i_synth_model         |     0.704 |
|                   opt_7series.i_uniwrap              |     0.704 |
|     buffers[2].channel[6].conv                       |     0.859 |
|       mult_acc                                       |     0.748 |
|         design_1_i                                   |     0.704 |
|           xbip_dsp48_macro_0                         |     0.704 |
|             U0                                       |     0.704 |
|               i_synth                                |     0.704 |
|                 i_synth_option.i_synth_model         |     0.704 |
|                   opt_7series.i_uniwrap              |     0.704 |
|     buffers[2].channel[7].conv                       |     0.880 |
|       mult_acc                                       |     0.753 |
|         design_1_i                                   |     0.715 |
|           xbip_dsp48_macro_0                         |     0.715 |
|             U0                                       |     0.715 |
|               i_synth                                |     0.715 |
|                 i_synth_option.i_synth_model         |     0.715 |
|                   opt_7series.i_uniwrap              |     0.715 |
|     buffers[2].channel[8].conv                       |     0.850 |
|       mult_acc                                       |     0.739 |
|         design_1_i                                   |     0.702 |
|           xbip_dsp48_macro_0                         |     0.702 |
|             U0                                       |     0.702 |
|               i_synth                                |     0.702 |
|                 i_synth_option.i_synth_model         |     0.702 |
|                   opt_7series.i_uniwrap              |     0.702 |
|     buffers[2].channel[9].conv                       |     0.841 |
|       mult_acc                                       |     0.743 |
|         design_1_i                                   |     0.702 |
|           xbip_dsp48_macro_0                         |     0.702 |
|             U0                                       |     0.702 |
|               i_synth                                |     0.702 |
|                 i_synth_option.i_synth_model         |     0.702 |
|                   opt_7series.i_uniwrap              |     0.702 |
|     out                                              |     2.552 |
+------------------------------------------------------+-----------+


